(2026-02-13: 12:36:26) Best model parameters: W = [[0.24741865]
 [0.27350791]
 [0.252105  ]
 [0.22696845]]; lr=0.94; discount_factor=0.95
(2026-02-13: 12:36:26) Best Rewards: 501.0 / 501.0; Min Reward: 36.0
(2026-02-13: 12:36:27) Best model parameters: W = [[0.02403212]
 [0.06817964]
 [0.07165059]
 [0.83613765]]; lr=0.9538461538461538; discount_factor=0.95
(2026-02-13: 12:36:27) Best Rewards: 501.0 / 501.0; Min Reward: 12.0
(2026-02-13: 12:36:27) Best model parameters: W = [[0.03982948]
 [0.08047166]
 [0.07373976]
 [0.80595911]]; lr=0.9446153846153845; discount_factor=0.95
(2026-02-13: 12:36:27) Best Rewards: 501.0 / 501.0; Min Reward: 36.0
(2026-02-13: 12:36:28) Best model parameters: W = [[0.24663026]
 [0.25522044]
 [0.24816826]
 [0.24998104]]; lr=0.943076923076923; discount_factor=0.95
(2026-02-13: 12:36:28) Best Rewards: 501.0 / 501.0; Min Reward: 38.0
(2026-02-13: 12:36:28) Best model parameters: W = [[0.24831085]
 [0.28357387]
 [0.25125098]
 [0.2168643 ]]; lr=0.9492307692307692; discount_factor=0.95
(2026-02-13: 12:36:28) Best Rewards: 501.0 / 501.0; Min Reward: 14.0
(2026-04-12: 14:50:47) Best model parameters: W = [[0.24717274]
 [0.27982392]
 [0.25155808]
 [0.22144526]]; lr=0.9553846153846154; discount_factor=0.95
(2026-04-12: 14:50:47) Best Rewards: 501.0 / 501.0; Min Reward: 11.0
(2026-04-12: 14:55:43) Best model parameters: W = [[0.00381708]
 [0.04180302]
 [0.06026764]
 [0.89411226]]; lr=0.9476923076923076; discount_factor=0.95
(2026-04-12: 14:55:43) Best Rewards: 501.0 / 501.0; Min Reward: 36.0
(2026-04-12: 14:55:46) Best model parameters: W = [[0.00235799]
 [0.02942833]
 [0.04551177]
 [0.9227019 ]]; lr=0.9553846153846154; discount_factor=0.95
(2026-04-12: 14:55:46) Best Rewards: 501.0 / 501.0; Min Reward: 36.0
(2026-04-12: 14:55:49) Best model parameters: W = [[0.24628953]
 [0.26051283]
 [0.24799114]
 [0.24520651]]; lr=0.9492307692307692; discount_factor=0.95
(2026-04-12: 14:55:49) Best Rewards: 501.0 / 501.0; Min Reward: 36.0
(2026-04-12: 14:55:51) Best model parameters: W = [[0.24825537]
 [0.2796732 ]
 [0.24970072]
 [0.2223707 ]]; lr=0.943076923076923; discount_factor=0.95
(2026-04-12: 14:55:51) Best Rewards: 501.0 / 501.0; Min Reward: 13.0
(2026-04-12: 14:55:54) Best model parameters: W = [[0.00117097]
 [0.03113143]
 [0.04944026]
 [0.91825733]]; lr=0.9446153846153845; discount_factor=0.95
(2026-04-12: 14:55:54) Best Rewards: 501.0 / 501.0; Min Reward: 12.0
