(2026-02-13: 12:36:18) Best model parameters: W = [[0.03102647]
 [0.08447357]
 [0.08793628]
 [0.79656368]]; lr=0.9538461538461538; discount_factor=0.95
(2026-02-13: 12:36:18) Best Rewards: 501.0 / 501.0; Min Reward: 11.0
(2026-02-13: 12:36:19) Best model parameters: W = [[0.24721582]
 [0.27697379]
 [0.25261643]
 [0.22319396]]; lr=0.9461538461538461; discount_factor=0.95
(2026-02-13: 12:36:19) Best Rewards: 501.0 / 501.0; Min Reward: 38.0
(2026-02-13: 12:36:19) Best model parameters: W = [[0.2448014 ]
 [0.24344472]
 [0.24815824]
 [0.26359564]]; lr=0.94; discount_factor=0.95
(2026-02-13: 12:36:19) Best Rewards: 501.0 / 501.0; Min Reward: 12.0
(2026-02-13: 12:36:20) Best model parameters: W = [[0.24723342]
 [0.27275821]
 [0.25146854]
 [0.22853983]]; lr=0.94; discount_factor=0.95
(2026-02-13: 12:36:20) Best Rewards: 501.0 / 501.0; Min Reward: 14.0
(2026-02-13: 12:36:20) Best model parameters: W = [[0.00633344]
 [0.06935347]
 [0.05969665]
 [0.86461645]]; lr=0.9415384615384614; discount_factor=0.95
(2026-02-13: 12:36:20) Best Rewards: 501.0 / 501.0; Min Reward: 11.0
(2026-04-11: 18:16:34) Best model parameters: W = [[0.00275214]
 [0.02901814]
 [0.04540433]
 [0.92282539]]; lr=0.9446153846153845; discount_factor=0.95
(2026-04-11: 18:16:34) Best Rewards: 501.0 / 501.0; Min Reward: 13.0
(2026-04-11: 18:16:37) Best model parameters: W = [[0.2419536 ]
 [0.21901617]
 [0.24441931]
 [0.29461092]]; lr=0.9415384615384614; discount_factor=0.95
(2026-04-11: 18:16:37) Best Rewards: 501.0 / 501.0; Min Reward: 36.0
(2026-04-11: 18:16:39) Best model parameters: W = [[0.24711835]
 [0.28515048]
 [0.25109304]
 [0.21663813]]; lr=0.96; discount_factor=0.95
(2026-04-11: 18:16:39) Best Rewards: 501.0 / 501.0; Min Reward: 14.0
(2026-04-11: 18:16:42) Best model parameters: W = [[0.24584174]
 [0.25037433]
 [0.24741624]
 [0.2563677 ]]; lr=0.9492307692307692; discount_factor=0.95
(2026-04-11: 18:16:42) Best Rewards: 501.0 / 501.0; Min Reward: 11.0
(2026-04-11: 18:16:45) Best model parameters: W = [[0.00328642]
 [0.06755617]
 [0.06054821]
 [0.8686092 ]]; lr=0.94; discount_factor=0.95
(2026-04-11: 18:16:45) Best Rewards: 501.0 / 501.0; Min Reward: 14.0
(2026-04-12: 14:26:17) Best model parameters: W = [[9.99999954e-01]
 [3.62403201e-91]
 [4.63677822e-08]
 [1.64936353e-87]]; lr=0.9415384615384614; discount_factor=0.95
(2026-04-12: 14:26:17) Best Rewards: 89.0 / 80.0; Min Reward: 14.0
(2026-04-12: 14:26:18) Best model parameters: W = [[0.00000000e+000]
 [1.00000000e+000]
 [4.75316328e-137]
 [3.30908809e-291]]; lr=0.9569230769230769; discount_factor=0.95
(2026-04-12: 14:26:18) Best Rewards: 30.0 / 26.0; Min Reward: 9.0
(2026-04-12: 14:26:20) Best model parameters: W = [[0.00000000e+000]
 [1.00000000e+000]
 [7.17165939e-108]
 [7.41300984e-231]]; lr=0.9461538461538461; discount_factor=0.95
(2026-04-12: 14:26:20) Best Rewards: 23.0 / 23.0; Min Reward: 9.0
(2026-04-12: 14:26:21) Best model parameters: W = [[0.00000000e+000]
 [1.00000000e+000]
 [6.73883182e-107]
 [1.38686691e-230]]; lr=0.9538461538461538; discount_factor=0.95
(2026-04-12: 14:26:21) Best Rewards: 23.0 / 23.0; Min Reward: 9.0
(2026-04-12: 14:26:23) Best model parameters: W = [[0.00000000e+000]
 [1.00000000e+000]
 [5.88921555e-106]
 [2.15204558e-228]]; lr=0.9569230769230769; discount_factor=0.95
(2026-04-12: 14:26:23) Best Rewards: 23.0 / 23.0; Min Reward: 9.0
(2026-04-12: 14:50:09) Best model parameters: W = [[0.24558422]
 [0.26792686]
 [0.25435288]
 [0.23213604]]; lr=0.94; discount_factor=0.95
(2026-04-12: 14:50:09) Best Rewards: 501.0 / 501.0; Min Reward: 13.0
(2026-04-12: 14:50:11) Best model parameters: W = [[0.24541176]
 [0.25289216]
 [0.24849866]
 [0.25319741]]; lr=0.94; discount_factor=0.95
(2026-04-12: 14:50:11) Best Rewards: 501.0 / 501.0; Min Reward: 13.0
(2026-04-12: 14:50:12) Best model parameters: W = [[0.24728648]
 [0.28494931]
 [0.24905893]
 [0.21870528]]; lr=0.9538461538461538; discount_factor=0.95
(2026-04-12: 14:50:12) Best Rewards: 501.0 / 501.0; Min Reward: 15.0
(2026-04-12: 14:50:14) Best model parameters: W = [[0.0302925 ]
 [0.03694376]
 [0.04210541]
 [0.89065832]]; lr=0.9553846153846154; discount_factor=0.95
(2026-04-12: 14:50:14) Best Rewards: 501.0 / 501.0; Min Reward: 11.0
(2026-04-12: 14:50:17) Best model parameters: W = [[0.24590893]
 [0.28531738]
 [0.24988   ]
 [0.21889369]]; lr=0.9523076923076923; discount_factor=0.95
(2026-04-12: 14:50:17) Best Rewards: 501.0 / 501.0; Min Reward: 39.0
(2026-04-12: 14:51:49) Best model parameters: W = [[0.24897206]
 [0.27923227]
 [0.25041412]
 [0.22138154]]; lr=0.94; discount_factor=0.95
(2026-04-12: 14:51:49) Best Rewards: 501.0 / 501.0; Min Reward: 23.0
(2026-04-12: 14:51:51) Best model parameters: W = [[0.08184153]
 [0.26068284]
 [0.18222085]
 [0.47525478]]; lr=0.9569230769230769; discount_factor=0.95
(2026-04-12: 14:51:51) Best Rewards: 501.0 / 501.0; Min Reward: 11.0
(2026-04-12: 14:54:41) Best model parameters: W = [[0.24557179]
 [0.25373111]
 [0.24809487]
 [0.25260223]]; lr=0.9553846153846154; discount_factor=0.95
(2026-04-12: 14:54:41) Best Rewards: 501.0 / 501.0; Min Reward: 11.0
(2026-04-12: 14:54:43) Best model parameters: W = [[0.2478614 ]
 [0.27964334]
 [0.25142687]
 [0.22106839]]; lr=0.9476923076923076; discount_factor=0.95
(2026-04-12: 14:54:43) Best Rewards: 501.0 / 501.0; Min Reward: 14.0
(2026-04-12: 14:54:45) Best model parameters: W = [[0.24607915]
 [0.26304373]
 [0.24733491]
 [0.24354221]]; lr=0.96; discount_factor=0.95
(2026-04-12: 14:54:45) Best Rewards: 501.0 / 501.0; Min Reward: 11.0
(2026-04-12: 14:54:47) Best model parameters: W = [[0.24742347]
 [0.27818815]
 [0.25264471]
 [0.22174366]]; lr=0.9553846153846154; discount_factor=0.95
(2026-04-12: 14:54:47) Best Rewards: 501.0 / 501.0; Min Reward: 13.0
(2026-04-12: 14:54:50) Best model parameters: W = [[0.24708354]
 [0.28281016]
 [0.25042967]
 [0.21967663]]; lr=0.94; discount_factor=0.95
(2026-04-12: 14:54:50) Best Rewards: 501.0 / 501.0; Min Reward: 11.0
