(2026-02-13: 12:36:30) Best model parameters: W = [[0.24596582]
 [0.24884214]
 [0.24797589]
 [0.25721615]]; lr=0.9569230769230769; discount_factor=0.95
(2026-02-13: 12:36:30) Best Rewards: 501.0 / 501.0; Min Reward: 11.0
(2026-02-13: 12:36:30) Best model parameters: W = [[0.06086171]
 [0.09798771]
 [0.08586374]
 [0.75528684]]; lr=0.943076923076923; discount_factor=0.95
(2026-02-13: 12:36:30) Best Rewards: 501.0 / 501.0; Min Reward: 14.0
(2026-02-13: 12:36:31) Best model parameters: W = [[0.24727327]
 [0.28061059]
 [0.25164273]
 [0.22047341]]; lr=0.9538461538461538; discount_factor=0.95
(2026-02-13: 12:36:31) Best Rewards: 501.0 / 501.0; Min Reward: 36.0
(2026-02-13: 12:36:31) Best model parameters: W = [[0.03569112]
 [0.0632924 ]
 [0.06097967]
 [0.84003681]]; lr=0.943076923076923; discount_factor=0.95
(2026-02-13: 12:36:31) Best Rewards: 501.0 / 501.0; Min Reward: 12.0
(2026-02-13: 12:36:31) Best model parameters: W = [[0.24785999]
 [0.28372303]
 [0.25088005]
 [0.21753692]]; lr=0.9553846153846154; discount_factor=0.95
(2026-02-13: 12:36:31) Best Rewards: 501.0 / 501.0; Min Reward: 37.0
(2026-04-12: 14:56:10) Best model parameters: W = [[0.24628174]
 [0.25698701]
 [0.24758653]
 [0.24914473]]; lr=0.9476923076923076; discount_factor=0.95
(2026-04-12: 14:56:10) Best Rewards: 501.0 / 501.0; Min Reward: 36.0
(2026-04-12: 14:56:13) Best model parameters: W = [[0.24694717]
 [0.26208437]
 [0.24836519]
 [0.24260328]]; lr=0.9507692307692307; discount_factor=0.95
(2026-04-12: 14:56:13) Best Rewards: 501.0 / 501.0; Min Reward: 13.0
(2026-04-12: 14:56:15) Best model parameters: W = [[5.02493909e-05]
 [2.24919025e-02]
 [5.15306971e-02]
 [9.25927151e-01]]; lr=0.96; discount_factor=0.95
(2026-04-12: 14:56:15) Best Rewards: 501.0 / 501.0; Min Reward: 12.0
(2026-04-12: 14:56:18) Best model parameters: W = [[0.24731588]
 [0.28036467]
 [0.25098991]
 [0.22132954]]; lr=0.9461538461538461; discount_factor=0.95
(2026-04-12: 14:56:18) Best Rewards: 501.0 / 501.0; Min Reward: 36.0
(2026-04-12: 14:56:20) Best model parameters: W = [[0.24708701]
 [0.27238841]
 [0.25042996]
 [0.23009462]]; lr=0.9446153846153845; discount_factor=0.95
(2026-04-12: 14:56:20) Best Rewards: 501.0 / 501.0; Min Reward: 11.0
