(2026-02-13: 12:36:13) Best model parameters: W = [[0.24665527]
 [0.28099592]
 [0.25282927]
 [0.21951954]]; lr=1.0; discount_factor=0.95
(2026-02-13: 12:36:13) Best Rewards: 501.0 / 248.0; Min Reward: 13.0
(2026-02-13: 12:36:13) Best model parameters: W = [[0.01726074]
 [0.03458636]
 [0.04312827]
 [0.90502462]]; lr=0.94; discount_factor=0.95
(2026-02-13: 12:36:13) Best Rewards: 501.0 / 501.0; Min Reward: 11.0
(2026-02-13: 12:36:13) Best model parameters: W = [[0.03979095]
 [0.07944569]
 [0.07710199]
 [0.80366137]]; lr=0.9507692307692307; discount_factor=0.95
(2026-02-13: 12:36:13) Best Rewards: 501.0 / 501.0; Min Reward: 36.0
(2026-02-13: 12:36:14) Best model parameters: W = [[0.01983553]
 [0.03547859]
 [0.04227786]
 [0.90240803]]; lr=0.9476923076923076; discount_factor=0.95
(2026-02-13: 12:36:14) Best Rewards: 501.0 / 501.0; Min Reward: 40.0
(2026-02-13: 12:36:14) Best model parameters: W = [[0.24565658]
 [0.25875358]
 [0.24794018]
 [0.24764966]]; lr=0.9476923076923076; discount_factor=0.95
(2026-02-13: 12:36:14) Best Rewards: 501.0 / 501.0; Min Reward: 39.0
(2026-04-11: 18:16:02) Best model parameters: W = [[0.24805173]
 [0.27573181]
 [0.25158515]
 [0.22463131]]; lr=0.7692307692307693; discount_factor=0.95
(2026-04-11: 18:16:02) Best Rewards: 501.0 / 501.0; Min Reward: 24.0
(2026-04-11: 18:16:05) Best model parameters: W = [[0.04711012]
 [0.06285475]
 [0.06133472]
 [0.82870041]]; lr=0.96; discount_factor=0.95
(2026-04-11: 18:16:05) Best Rewards: 501.0 / 501.0; Min Reward: 11.0
(2026-04-11: 18:16:08) Best model parameters: W = [[0.00216299]
 [0.02847856]
 [0.04762136]
 [0.9217371 ]]; lr=0.943076923076923; discount_factor=0.95
(2026-04-11: 18:16:08) Best Rewards: 501.0 / 501.0; Min Reward: 38.0
(2026-04-11: 18:16:12) Best model parameters: W = [[0.24867202]
 [0.28028251]
 [0.25063668]
 [0.22040879]]; lr=0.9476923076923076; discount_factor=0.95
(2026-04-11: 18:16:12) Best Rewards: 501.0 / 501.0; Min Reward: 38.0
(2026-04-11: 18:16:14) Best model parameters: W = [[0.24768461]
 [0.27273217]
 [0.25165052]
 [0.2279327 ]]; lr=0.9569230769230769; discount_factor=0.95
(2026-04-11: 18:16:14) Best Rewards: 501.0 / 501.0; Min Reward: 11.0
(2026-04-11: 18:17:12) Best model parameters: W = [[0.25075512]
 [0.25645947]
 [0.24915648]
 [0.24362893]]; lr=0.9230769230769231; discount_factor=0.95
(2026-04-11: 18:17:12) Best Rewards: 91.0 / 62.0; Min Reward: 9.0
(2026-04-11: 18:17:15) Best model parameters: W = [[0.24852397]
 [0.24517095]
 [0.25090769]
 [0.25539739]]; lr=0.94; discount_factor=0.95
(2026-04-11: 18:17:15) Best Rewards: 240.0 / 219.0; Min Reward: 73.0
(2026-04-11: 18:17:18) Best model parameters: W = [[0.24910735]
 [0.24404024]
 [0.25036701]
 [0.2564854 ]]; lr=0.9461538461538461; discount_factor=0.95
(2026-04-11: 18:17:18) Best Rewards: 228.0 / 224.0; Min Reward: 71.0
(2026-04-11: 18:17:21) Best model parameters: W = [[0.25035974]
 [0.25696402]
 [0.24945837]
 [0.24321787]]; lr=0.9538461538461538; discount_factor=0.95
(2026-04-11: 18:17:21) Best Rewards: 255.0 / 241.0; Min Reward: 70.0
(2026-04-11: 18:17:23) Best model parameters: W = [[0.25050285]
 [0.25967356]
 [0.24929581]
 [0.24052778]]; lr=0.943076923076923; discount_factor=0.95
(2026-04-11: 18:17:23) Best Rewards: 253.0 / 226.0; Min Reward: 70.0
(2026-04-11: 18:18:07) Best model parameters: W = [[0.07553336]
 [0.07553336]
 [0.77339992]
 [0.07553336]]; lr=0.0; discount_factor=0.95
(2026-04-11: 18:18:07) Best Rewards: 501.0 / 501.0; Min Reward: 12.0
(2026-04-11: 18:18:10) Best model parameters: W = [[0.07547167]
 [0.07369845]
 [0.77270947]
 [0.07812041]]; lr=0.94; discount_factor=0.95
(2026-04-11: 18:18:10) Best Rewards: 501.0 / 501.0; Min Reward: 501.0
(2026-04-11: 18:18:13) Best model parameters: W = [[0.07580468]
 [0.07663335]
 [0.77308337]
 [0.07447861]]; lr=0.94; discount_factor=0.95
(2026-04-11: 18:18:13) Best Rewards: 501.0 / 501.0; Min Reward: 501.0
(2026-04-11: 18:18:16) Best model parameters: W = [[0.07560596]
 [0.07315013]
 [0.7719873 ]
 [0.07925661]]; lr=0.94; discount_factor=0.95
(2026-04-11: 18:18:16) Best Rewards: 501.0 / 501.0; Min Reward: 501.0
(2026-04-11: 18:18:19) Best model parameters: W = [[0.07528543]
 [0.07417863]
 [0.77332611]
 [0.07720982]]; lr=0.94; discount_factor=0.95
(2026-04-11: 18:18:19) Best Rewards: 501.0 / 501.0; Min Reward: 14.0
(2026-04-12: 14:25:57) Best model parameters: W = [[6.34484696e-07]
 [7.98871097e-26]
 [9.99999366e-01]
 [7.62061785e-25]]; lr=0.8461538461538463; discount_factor=0.95
(2026-04-12: 14:25:57) Best Rewards: 29.0 / 29.0; Min Reward: 9.0
(2026-04-12: 14:25:59) Best model parameters: W = [[1.01634859e-03]
 [2.84117485e-02]
 [9.70559934e-01]
 [1.19693497e-05]]; lr=0.9461538461538461; discount_factor=0.95
(2026-04-12: 14:25:59) Best Rewards: 73.0 / 49.0; Min Reward: 11.0
(2026-04-12: 14:26:01) Best model parameters: W = [[6.21018756e-04]
 [6.90980394e-02]
 [9.30255543e-01]
 [2.53985332e-05]]; lr=0.9553846153846154; discount_factor=0.95
(2026-04-12: 14:26:01) Best Rewards: 110.0 / 55.0; Min Reward: 11.0
(2026-04-12: 14:26:02) Best model parameters: W = [[3.48237058e-55]
 [1.00000000e+00]
 [1.10264324e-24]
 [1.81202973e-58]]; lr=0.96; discount_factor=0.95
(2026-04-12: 14:26:02) Best Rewards: 43.0 / 36.0; Min Reward: 11.0
(2026-04-12: 14:26:04) Best model parameters: W = [[0.00000000e+000]
 [1.00000000e+000]
 [2.46543332e-108]
 [2.34380595e-234]]; lr=0.9446153846153845; discount_factor=0.95
(2026-04-12: 14:26:04) Best Rewards: 23.0 / 23.0; Min Reward: 9.0
(2026-04-12: 14:39:13) Best model parameters: W = [[2.71982424e-117]
 [1.00000000e+000]
 [3.44943996e-037]
 [2.47604134e-079]]; lr=0.38461538461538464; discount_factor=0.95
(2026-04-12: 14:39:13) Best Rewards: 97.0 / 36.0; Min Reward: 9.0
(2026-04-12: 14:39:15) Best model parameters: W = [[0.00000000e+000]
 [1.00000000e+000]
 [1.54748929e-109]
 [1.79453446e-234]]; lr=0.9523076923076923; discount_factor=0.95
(2026-04-12: 14:39:15) Best Rewards: 23.0 / 23.0; Min Reward: 9.0
(2026-04-12: 14:39:42) Best model parameters: W = [[9.99804473e-01]
 [3.14841748e-71]
 [1.95527183e-04]
 [4.12760450e-34]]; lr=0.15384615384615385; discount_factor=0.95
(2026-04-12: 14:39:42) Best Rewards: 28.0 / 28.0; Min Reward: 9.0
(2026-04-12: 14:39:43) Best model parameters: W = [[1.22681099e-19]
 [1.06839247e-28]
 [1.52905131e-63]
 [1.00000000e+00]]; lr=0.943076923076923; discount_factor=0.95
(2026-04-12: 14:39:43) Best Rewards: 34.0 / 31.0; Min Reward: 9.0
(2026-04-12: 14:39:45) Best model parameters: W = [[2.60488932e-03]
 [1.25449566e-13]
 [9.97395111e-01]
 [4.12563946e-36]]; lr=0.9446153846153845; discount_factor=0.95
(2026-04-12: 14:39:45) Best Rewards: 73.0 / 66.0; Min Reward: 15.0
(2026-04-12: 14:39:47) Best model parameters: W = [[1.08529846e-03]
 [4.16863671e-76]
 [9.98914702e-01]
 [1.46724541e-81]]; lr=0.9492307692307692; discount_factor=0.95
(2026-04-12: 14:39:47) Best Rewards: 51.0 / 49.0; Min Reward: 11.0
(2026-04-12: 14:39:48) Best model parameters: W = [[9.99996920e-01]
 [1.53473702e-74]
 [3.07969433e-06]
 [3.33355953e-71]]; lr=0.943076923076923; discount_factor=0.95
(2026-04-12: 14:39:48) Best Rewards: 35.0 / 32.0; Min Reward: 11.0
(2026-04-12: 14:40:45) Best model parameters: W = [[9.99422005e-01]
 [1.23553451e-67]
 [5.77994687e-04]
 [8.24236631e-33]]; lr=0.15384615384615385; discount_factor=0.95
(2026-04-12: 14:40:45) Best Rewards: 28.0 / 27.0; Min Reward: 9.0
(2026-04-12: 14:40:46) Best model parameters: W = [[3.35197041e-277]
 [1.00000000e+000]
 [1.44536827e-092]
 [6.28221104e-196]]; lr=0.9461538461538461; discount_factor=0.95
(2026-04-12: 14:40:46) Best Rewards: 43.0 / 26.0; Min Reward: 9.0
(2026-04-12: 14:40:48) Best model parameters: W = [[0.00000000e+000]
 [1.00000000e+000]
 [1.20780472e-103]
 [1.27240015e-224]]; lr=0.9492307692307692; discount_factor=0.95
(2026-04-12: 14:40:48) Best Rewards: 23.0 / 23.0; Min Reward: 9.0
(2026-04-12: 14:40:49) Best model parameters: W = [[0.00000000e+000]
 [1.00000000e+000]
 [1.42425386e-102]
 [1.65763110e-221]]; lr=0.94; discount_factor=0.95
(2026-04-12: 14:40:49) Best Rewards: 23.0 / 23.0; Min Reward: 9.0
(2026-04-12: 14:40:51) Best model parameters: W = [[0.00000000e+000]
 [1.00000000e+000]
 [7.42308349e-109]
 [1.52833257e-234]]; lr=0.9492307692307692; discount_factor=0.95
(2026-04-12: 14:40:51) Best Rewards: 23.0 / 23.0; Min Reward: 9.0
(2026-04-12: 14:40:53) Best model parameters: W = [[0.00000000e+000]
 [1.00000000e+000]
 [7.43212947e-110]
 [1.66993909e-235]]; lr=0.9461538461538461; discount_factor=0.95
(2026-04-12: 14:40:53) Best Rewards: 23.0 / 23.0; Min Reward: 9.0
(2026-04-12: 14:40:54) Best model parameters: W = [[0.00000000e+000]
 [1.00000000e+000]
 [4.70227849e-106]
 [3.01361513e-227]]; lr=0.943076923076923; discount_factor=0.95
(2026-04-12: 14:40:54) Best Rewards: 23.0 / 23.0; Min Reward: 9.0
(2026-04-12: 14:40:56) Best model parameters: W = [[0.00000000e+000]
 [1.00000000e+000]
 [7.77157418e-110]
 [4.52759267e-235]]; lr=0.943076923076923; discount_factor=0.95
(2026-04-12: 14:40:56) Best Rewards: 23.0 / 23.0; Min Reward: 9.0
(2026-04-12: 14:40:57) Best model parameters: W = [[0.00000000e+000]
 [1.00000000e+000]
 [1.15977965e-104]
 [9.68614594e-224]]; lr=0.9538461538461538; discount_factor=0.95
(2026-04-12: 14:40:57) Best Rewards: 23.0 / 23.0; Min Reward: 9.0
(2026-04-12: 14:40:59) Best model parameters: W = [[0.00000000e+000]
 [1.00000000e+000]
 [9.47062107e-108]
 [1.53171052e-230]]; lr=0.9523076923076923; discount_factor=0.95
(2026-04-12: 14:40:59) Best Rewards: 23.0 / 23.0; Min Reward: 9.0
(2026-04-12: 14:41:27) Best model parameters: W = [[1.23955634e-88]
 [1.00000000e+00]
 [9.10031694e-24]
 [9.05857682e-49]]; lr=0.15384615384615385; discount_factor=0.95
(2026-04-12: 14:41:27) Best Rewards: 28.0 / 28.0; Min Reward: 9.0
(2026-04-12: 14:41:29) Best model parameters: W = [[0.00000000e+000]
 [1.00000000e+000]
 [1.45029570e-106]
 [7.71875361e-230]]; lr=0.9523076923076923; discount_factor=0.95
(2026-04-12: 14:41:29) Best Rewards: 23.0 / 23.0; Min Reward: 9.0
(2026-04-12: 14:41:31) Best model parameters: W = [[0.00000000e+000]
 [1.00000000e+000]
 [1.70362289e-104]
 [9.48636539e-226]]; lr=0.9415384615384614; discount_factor=0.95
(2026-04-12: 14:41:31) Best Rewards: 23.0 / 23.0; Min Reward: 9.0
(2026-04-12: 14:41:32) Best model parameters: W = [[0.00000000e+000]
 [1.00000000e+000]
 [4.63482115e-108]
 [4.69607821e-233]]; lr=0.9507692307692307; discount_factor=0.95
(2026-04-12: 14:41:32) Best Rewards: 23.0 / 23.0; Min Reward: 9.0
(2026-04-12: 14:41:34) Best model parameters: W = [[0.00000000e+000]
 [1.00000000e+000]
 [1.62656143e-107]
 [1.11913350e-229]]; lr=0.9476923076923076; discount_factor=0.95
(2026-04-12: 14:41:34) Best Rewards: 23.0 / 23.0; Min Reward: 9.0
(2026-04-12: 14:41:35) Best model parameters: W = [[0.00000000e+000]
 [1.00000000e+000]
 [6.76995889e-110]
 [5.46188436e-235]]; lr=0.9507692307692307; discount_factor=0.95
(2026-04-12: 14:41:35) Best Rewards: 23.0 / 23.0; Min Reward: 9.0
(2026-04-12: 14:41:37) Best model parameters: W = [[0.00000000e+000]
 [1.00000000e+000]
 [1.07563041e-105]
 [1.44823212e-228]]; lr=0.943076923076923; discount_factor=0.95
(2026-04-12: 14:41:37) Best Rewards: 23.0 / 23.0; Min Reward: 9.0
(2026-04-12: 14:41:39) Best model parameters: W = [[0.00000000e+000]
 [1.00000000e+000]
 [9.85168340e-108]
 [3.49820284e-232]]; lr=0.9476923076923076; discount_factor=0.95
(2026-04-12: 14:41:39) Best Rewards: 23.0 / 23.0; Min Reward: 9.0
(2026-04-12: 14:41:41) Best model parameters: W = [[0.00000000e+000]
 [1.00000000e+000]
 [1.84936172e-108]
 [2.59928322e-232]]; lr=0.9507692307692307; discount_factor=0.95
(2026-04-12: 14:41:41) Best Rewards: 23.0 / 23.0; Min Reward: 9.0
(2026-04-12: 14:41:42) Best model parameters: W = [[0.00000000e+000]
 [1.00000000e+000]
 [1.38802414e-106]
 [1.15973404e-229]]; lr=0.9523076923076923; discount_factor=0.95
(2026-04-12: 14:41:42) Best Rewards: 23.0 / 23.0; Min Reward: 9.0
(2026-04-12: 14:42:22) Best model parameters: W = [[0.24627917]
 [0.25783564]
 [0.24823838]
 [0.24764681]]; lr=0.8461538461538463; discount_factor=0.95
(2026-04-12: 14:42:22) Best Rewards: 501.0 / 501.0; Min Reward: 40.0
(2026-04-12: 14:42:24) Best model parameters: W = [[0.24665718]
 [0.25251067]
 [0.24807147]
 [0.25276068]]; lr=0.96; discount_factor=0.95
(2026-04-12: 14:42:24) Best Rewards: 501.0 / 501.0; Min Reward: 14.0
(2026-04-12: 14:42:26) Best model parameters: W = [[0.2459946 ]
 [0.25948161]
 [0.2478145 ]
 [0.2467093 ]]; lr=0.9446153846153845; discount_factor=0.95
(2026-04-12: 14:42:26) Best Rewards: 501.0 / 501.0; Min Reward: 13.0
(2026-04-12: 14:42:28) Best model parameters: W = [[0.24739744]
 [0.28405476]
 [0.25038243]
 [0.21816537]]; lr=0.9569230769230769; discount_factor=0.95
(2026-04-12: 14:42:28) Best Rewards: 501.0 / 501.0; Min Reward: 13.0
(2026-04-12: 14:42:30) Best model parameters: W = [[0.03935585]
 [0.06096361]
 [0.06349052]
 [0.83619001]]; lr=0.9507692307692307; discount_factor=0.95
(2026-04-12: 14:42:30) Best Rewards: 501.0 / 501.0; Min Reward: 11.0
(2026-04-12: 14:42:32) Best model parameters: W = [[0.00473265]
 [0.32961633]
 [0.15233902]
 [0.513312  ]]; lr=0.9569230769230769; discount_factor=0.95
(2026-04-12: 14:42:32) Best Rewards: 501.0 / 501.0; Min Reward: 36.0
(2026-04-12: 14:42:35) Best model parameters: W = [[0.24794166]
 [0.28159238]
 [0.25154848]
 [0.21891748]]; lr=0.94; discount_factor=0.95
(2026-04-12: 14:42:35) Best Rewards: 501.0 / 501.0; Min Reward: 21.0
(2026-04-12: 14:42:37) Best model parameters: W = [[0.24546613]
 [0.25634506]
 [0.2493913 ]
 [0.2487975 ]]; lr=0.9476923076923076; discount_factor=0.95
(2026-04-12: 14:42:37) Best Rewards: 501.0 / 501.0; Min Reward: 11.0
(2026-04-12: 14:42:39) Best model parameters: W = [[0.24586226]
 [0.25179824]
 [0.24782463]
 [0.25451487]]; lr=0.96; discount_factor=0.95
(2026-04-12: 14:42:39) Best Rewards: 501.0 / 501.0; Min Reward: 13.0
(2026-04-12: 14:42:41) Best model parameters: W = [[0.24587695]
 [0.24966795]
 [0.24971937]
 [0.25473573]]; lr=0.943076923076923; discount_factor=0.95
(2026-04-12: 14:42:41) Best Rewards: 501.0 / 501.0; Min Reward: 14.0
(2026-04-12: 14:43:49) Best model parameters: W = [[0.24867448]
 [0.27334874]
 [0.25124304]
 [0.22673374]]; lr=0.7692307692307693; discount_factor=0.95
(2026-04-12: 14:43:49) Best Rewards: 501.0 / 501.0; Min Reward: 27.0
(2026-04-12: 14:43:51) Best model parameters: W = [[0.24744785]
 [0.27875459]
 [0.25233408]
 [0.22146347]]; lr=0.9569230769230769; discount_factor=0.95
(2026-04-12: 14:43:51) Best Rewards: 501.0 / 501.0; Min Reward: 11.0
(2026-04-12: 14:43:53) Best model parameters: W = [[0.24721591]
 [0.27254479]
 [0.25125294]
 [0.22898636]]; lr=0.9476923076923076; discount_factor=0.95
(2026-04-12: 14:43:53) Best Rewards: 501.0 / 501.0; Min Reward: 11.0
(2026-04-12: 14:43:55) Best model parameters: W = [[0.24817604]
 [0.28087144]
 [0.25027346]
 [0.22067905]]; lr=0.9492307692307692; discount_factor=0.95
(2026-04-12: 14:43:55) Best Rewards: 501.0 / 501.0; Min Reward: 12.0
(2026-04-12: 14:43:57) Best model parameters: W = [[0.00577949]
 [0.04780044]
 [0.06540699]
 [0.88101309]]; lr=0.9538461538461538; discount_factor=0.95
(2026-04-12: 14:43:57) Best Rewards: 501.0 / 501.0; Min Reward: 12.0
(2026-04-12: 14:43:59) Best model parameters: W = [[0.24707033]
 [0.27272908]
 [0.25057772]
 [0.22962287]]; lr=0.9538461538461538; discount_factor=0.95
(2026-04-12: 14:43:59) Best Rewards: 501.0 / 501.0; Min Reward: 38.0
(2026-04-12: 14:44:01) Best model parameters: W = [[0.24644917]
 [0.27572259]
 [0.25203604]
 [0.2257922 ]]; lr=0.9415384615384614; discount_factor=0.95
(2026-04-12: 14:44:01) Best Rewards: 501.0 / 501.0; Min Reward: 12.0
(2026-04-12: 14:44:03) Best model parameters: W = [[0.08628587]
 [0.42899132]
 [0.15162485]
 [0.33309797]]; lr=0.9415384615384614; discount_factor=0.95
(2026-04-12: 14:44:03) Best Rewards: 501.0 / 501.0; Min Reward: 12.0
(2026-04-12: 14:44:04) Best model parameters: W = [[2.50909655e-01]
 [7.49016989e-01]
 [7.33564024e-05]
 [6.51158091e-37]]; lr=0.9553846153846154; discount_factor=0.95
(2026-04-12: 14:44:04) Best Rewards: 52.0 / 51.0; Min Reward: 9.0
(2026-04-12: 14:44:06) Best model parameters: W = [[9.13381214e-01]
 [8.65992130e-02]
 [1.95730393e-05]
 [3.25088181e-39]]; lr=0.9415384615384614; discount_factor=0.95
(2026-04-12: 14:44:06) Best Rewards: 65.0 / 63.0; Min Reward: 9.0
(2026-04-12: 14:46:04) Best model parameters: W = [[1.95044246e-05]
 [1.30820682e-24]
 [7.01771493e-01]
 [2.98209002e-01]]; lr=0.6153846153846154; discount_factor=0.95
(2026-04-12: 14:46:04) Best Rewards: 49.0 / 47.0; Min Reward: 12.0
(2026-04-12: 14:46:07) Best model parameters: W = [[0.07561886]
 [0.07727713]
 [0.77413934]
 [0.07296467]]; lr=0.94; discount_factor=0.95
(2026-04-12: 14:46:07) Best Rewards: 501.0 / 501.0; Min Reward: 16.0
(2026-04-12: 14:46:10) Best model parameters: W = [[0.07546753]
 [0.07376079]
 [0.77258221]
 [0.07818947]]; lr=0.94; discount_factor=0.95
(2026-04-12: 14:46:10) Best Rewards: 501.0 / 501.0; Min Reward: 13.0
(2026-04-12: 14:46:13) Best model parameters: W = [[0.07576456]
 [0.07628168]
 [0.77289318]
 [0.07506058]]; lr=0.94; discount_factor=0.95
(2026-04-12: 14:46:13) Best Rewards: 501.0 / 501.0; Min Reward: 13.0
(2026-04-12: 14:46:17) Best model parameters: W = [[0.07570486]
 [0.07729038]
 [0.77379835]
 [0.0732064 ]]; lr=0.94; discount_factor=0.95
(2026-04-12: 14:46:17) Best Rewards: 501.0 / 501.0; Min Reward: 501.0
(2026-04-12: 14:47:39) Best model parameters: W = [[0.07553336]
 [0.07553336]
 [0.77339992]
 [0.07553336]]; lr=0.0; discount_factor=0.95
(2026-04-12: 14:47:39) Best Rewards: 501.0 / 501.0; Min Reward: 501.0
(2026-04-12: 14:47:43) Best model parameters: W = [[0.07590967]
 [0.07774317]
 [0.77354637]
 [0.07280079]]; lr=0.94; discount_factor=0.95
(2026-04-12: 14:47:43) Best Rewards: 501.0 / 501.0; Min Reward: 501.0
(2026-04-12: 14:47:46) Best model parameters: W = [[0.07543708]
 [0.07316467]
 [0.77240051]
 [0.07899774]]; lr=0.94; discount_factor=0.95
(2026-04-12: 14:47:46) Best Rewards: 501.0 / 501.0; Min Reward: 501.0
(2026-04-12: 14:47:50) Best model parameters: W = [[0.07555771]
 [0.07284228]
 [0.77193701]
 [0.079663  ]]; lr=0.94; discount_factor=0.95
(2026-04-12: 14:47:50) Best Rewards: 501.0 / 501.0; Min Reward: 14.0
(2026-04-12: 14:47:53) Best model parameters: W = [[0.07531184]
 [0.0752572 ]
 [0.77398577]
 [0.07544518]]; lr=0.94; discount_factor=0.95
(2026-04-12: 14:47:53) Best Rewards: 501.0 / 501.0; Min Reward: 223.0
(2026-04-12: 14:48:16) Best model parameters: W = [[0.24836449]
 [0.24923601]
 [0.24998375]
 [0.25241576]]; lr=0.23076923076923078; discount_factor=0.95
(2026-04-12: 14:48:16) Best Rewards: 501.0 / 501.0; Min Reward: 16.0
(2026-04-12: 14:48:17) Best model parameters: W = [[0.24893591]
 [0.27814678]
 [0.25121987]
 [0.22169743]]; lr=0.9476923076923076; discount_factor=0.95
(2026-04-12: 14:48:17) Best Rewards: 501.0 / 501.0; Min Reward: 13.0
(2026-04-12: 14:48:19) Best model parameters: W = [[0.24774051]
 [0.28528124]
 [0.24991823]
 [0.21706001]]; lr=0.9415384615384614; discount_factor=0.95
(2026-04-12: 14:48:19) Best Rewards: 501.0 / 501.0; Min Reward: 11.0
(2026-04-12: 14:48:22) Best model parameters: W = [[0.24595174]
 [0.25601148]
 [0.24854364]
 [0.24949314]]; lr=0.94; discount_factor=0.95
(2026-04-12: 14:48:22) Best Rewards: 501.0 / 501.0; Min Reward: 12.0
(2026-04-12: 14:48:23) Best model parameters: W = [[0.24715741]
 [0.27265803]
 [0.25048226]
 [0.2297023 ]]; lr=0.9415384615384614; discount_factor=0.95
(2026-04-12: 14:48:23) Best Rewards: 501.0 / 501.0; Min Reward: 13.0
(2026-04-12: 14:49:07) Best model parameters: W = [[7.42674940e-05]
 [9.99922691e-01]
 [3.04154091e-06]
 [1.80084644e-12]]; lr=0.6923076923076923; discount_factor=0.95
(2026-04-12: 14:49:07) Best Rewards: 63.0 / 61.0; Min Reward: 9.0
(2026-04-12: 14:49:09) Best model parameters: W = [[6.50677490e-08]
 [9.99999930e-01]
 [4.74207407e-09]
 [2.08308379e-18]]; lr=0.9446153846153845; discount_factor=0.95
(2026-04-12: 14:49:09) Best Rewards: 64.0 / 57.0; Min Reward: 9.0
(2026-04-12: 14:49:10) Best model parameters: W = [[9.82613028e-01]
 [1.73840840e-02]
 [2.88754045e-06]
 [1.64132282e-40]]; lr=0.9446153846153845; discount_factor=0.95
(2026-04-12: 14:49:10) Best Rewards: 67.0 / 64.0; Min Reward: 9.0
(2026-04-12: 14:49:12) Best model parameters: W = [[6.43736607e-15]
 [1.37479754e-33]
 [9.51152246e-08]
 [9.99999905e-01]]; lr=0.94; discount_factor=0.95
(2026-04-12: 14:49:12) Best Rewards: 40.0 / 36.0; Min Reward: 9.0
(2026-04-12: 14:49:14) Best model parameters: W = [[0.02755537]
 [0.03598461]
 [0.04087073]
 [0.89558929]]; lr=0.9446153846153845; discount_factor=0.95
(2026-04-12: 14:49:14) Best Rewards: 501.0 / 501.0; Min Reward: 36.0
(2026-04-12: 14:49:46) Best model parameters: W = [[7.16827103e-06]
 [9.99992182e-01]
 [6.49337369e-07]
 [7.79352447e-14]]; lr=0.6153846153846154; discount_factor=0.95
(2026-04-12: 14:49:46) Best Rewards: 65.0 / 65.0; Min Reward: 9.0
(2026-04-12: 14:49:48) Best model parameters: W = [[9.71700994e-01]
 [2.82975168e-02]
 [1.48879248e-06]
 [4.00858115e-43]]; lr=0.9569230769230769; discount_factor=0.95
(2026-04-12: 14:49:48) Best Rewards: 61.0 / 60.0; Min Reward: 9.0
(2026-04-12: 14:49:49) Best model parameters: W = [[2.13764409e-04]
 [9.99765760e-01]
 [2.04751215e-05]
 [1.71183389e-67]]; lr=0.94; discount_factor=0.95
(2026-04-12: 14:49:49) Best Rewards: 83.0 / 33.0; Min Reward: 9.0
(2026-04-12: 14:49:51) Best model parameters: W = [[9.38009154e-01]
 [6.19751161e-02]
 [1.57299032e-05]
 [5.77236048e-39]]; lr=0.94; discount_factor=0.95
(2026-04-12: 14:49:51) Best Rewards: 65.0 / 59.0; Min Reward: 9.0
(2026-04-12: 14:49:52) Best model parameters: W = [[4.71816830e-05]
 [9.99952146e-01]
 [6.72494474e-07]
 [2.10512104e-13]]; lr=0.96; discount_factor=0.95
(2026-04-12: 14:49:52) Best Rewards: 39.0 / 36.0; Min Reward: 9.0
(2026-04-12: 14:51:21) Best model parameters: W = [[1.47163598e-08]
 [9.99999977e-01]
 [8.72920475e-09]
 [9.13870635e-18]]; lr=0.46153846153846156; discount_factor=0.95
(2026-04-12: 14:51:21) Best Rewards: 46.0 / 44.0; Min Reward: 13.0
(2026-04-12: 14:51:22) Best model parameters: W = [[9.61084385e-01]
 [3.89105669e-02]
 [5.04795861e-06]
 [1.00358415e-40]]; lr=0.9446153846153845; discount_factor=0.95
(2026-04-12: 14:51:22) Best Rewards: 67.0 / 64.0; Min Reward: 9.0
(2026-04-12: 14:51:24) Best model parameters: W = [[3.67171150e-08]
 [1.31037236e-13]
 [1.84204853e-07]
 [9.99999779e-01]]; lr=0.9492307692307692; discount_factor=0.95
(2026-04-12: 14:51:24) Best Rewards: 35.0 / 34.0; Min Reward: 9.0
(2026-04-12: 14:51:26) Best model parameters: W = [[0.24735896]
 [0.282185  ]
 [0.25056553]
 [0.21989051]]; lr=0.9538461538461538; discount_factor=0.95
(2026-04-12: 14:51:26) Best Rewards: 501.0 / 501.0; Min Reward: 38.0
(2026-04-12: 14:51:28) Best model parameters: W = [[0.24753462]
 [0.27497442]
 [0.25021283]
 [0.22727814]]; lr=0.9492307692307692; discount_factor=0.95
(2026-04-12: 14:51:28) Best Rewards: 501.0 / 501.0; Min Reward: 11.0
(2026-04-12: 14:53:57) Best model parameters: W = [[0.24652028]
 [0.25330717]
 [0.24872786]
 [0.25144469]]; lr=0.7692307692307693; discount_factor=0.95
(2026-04-12: 14:53:57) Best Rewards: 501.0 / 501.0; Min Reward: 32.0
(2026-04-12: 14:53:59) Best model parameters: W = [[1.79738438e-04]
 [2.00288847e-02]
 [4.51846009e-02]
 [9.34606776e-01]]; lr=0.943076923076923; discount_factor=0.95
(2026-04-12: 14:53:59) Best Rewards: 501.0 / 501.0; Min Reward: 14.0
(2026-04-12: 14:54:01) Best model parameters: W = [[0.00244798]
 [0.03534581]
 [0.05193783]
 [0.91026837]]; lr=0.9538461538461538; discount_factor=0.95
(2026-04-12: 14:54:01) Best Rewards: 501.0 / 501.0; Min Reward: 36.0
(2026-04-12: 14:54:03) Best model parameters: W = [[0.03753784]
 [0.07242551]
 [0.09463858]
 [0.79539807]]; lr=0.94; discount_factor=0.95
(2026-04-12: 14:54:03) Best Rewards: 501.0 / 501.0; Min Reward: 38.0
(2026-04-12: 14:54:05) Best model parameters: W = [[0.24773924]
 [0.28396933]
 [0.25056712]
 [0.21772431]]; lr=0.94; discount_factor=0.95
(2026-04-12: 14:54:05) Best Rewards: 501.0 / 501.0; Min Reward: 38.0
