(2026-02-13: 12:36:33) Best model parameters: W = [[0.008556  ]
 [0.05013915]
 [0.05987008]
 [0.88143477]]; lr=0.9476923076923076; discount_factor=0.95
(2026-02-13: 12:36:33) Best Rewards: 501.0 / 501.0; Min Reward: 11.0
(2026-02-13: 12:36:33) Best model parameters: W = [[0.24770342]
 [0.27451237]
 [0.25187259]
 [0.22591163]]; lr=0.9446153846153845; discount_factor=0.95
(2026-02-13: 12:36:33) Best Rewards: 501.0 / 501.0; Min Reward: 36.0
(2026-02-13: 12:36:34) Best model parameters: W = [[0.24757423]
 [0.28406641]
 [0.24998644]
 [0.21837292]]; lr=0.9476923076923076; discount_factor=0.95
(2026-02-13: 12:36:34) Best Rewards: 501.0 / 501.0; Min Reward: 12.0
(2026-02-13: 12:36:34) Best model parameters: W = [[2.48833479e-18]
 [9.97846254e-01]
 [2.15374601e-03]
 [2.41422688e-22]]; lr=0.9538461538461538; discount_factor=0.95
(2026-02-13: 12:36:34) Best Rewards: 501.0 / 501.0; Min Reward: 11.0
(2026-02-13: 12:36:34) Best model parameters: W = [[2.37915733e-05]
 [9.99975538e-01]
 [6.70793517e-07]
 [9.23331521e-14]]; lr=0.9476923076923076; discount_factor=0.95
(2026-02-13: 12:36:34) Best Rewards: 60.0 / 57.0; Min Reward: 9.0
(2026-04-12: 14:56:35) Best model parameters: W = [[0.2466844 ]
 [0.27957937]
 [0.25204512]
 [0.22169111]]; lr=0.9461538461538461; discount_factor=0.95
(2026-04-12: 14:56:35) Best Rewards: 501.0 / 501.0; Min Reward: 11.0
(2026-04-12: 14:56:38) Best model parameters: W = [[0.24556078]
 [0.25470179]
 [0.24808981]
 [0.25164762]]; lr=0.9569230769230769; discount_factor=0.95
(2026-04-12: 14:56:38) Best Rewards: 501.0 / 501.0; Min Reward: 11.0
(2026-04-12: 14:56:41) Best model parameters: W = [[0.24596378]
 [0.25140035]
 [0.24786365]
 [0.25477222]]; lr=0.9415384615384614; discount_factor=0.95
(2026-04-12: 14:56:41) Best Rewards: 501.0 / 501.0; Min Reward: 13.0
(2026-04-12: 14:56:44) Best model parameters: W = [[0.2477826 ]
 [0.28318377]
 [0.25038903]
 [0.2186446 ]]; lr=0.9507692307692307; discount_factor=0.95
(2026-04-12: 14:56:44) Best Rewards: 501.0 / 501.0; Min Reward: 14.0
(2026-04-12: 14:56:47) Best model parameters: W = [[0.2482524 ]
 [0.28280333]
 [0.25043258]
 [0.21851169]]; lr=0.9553846153846154; discount_factor=0.95
(2026-04-12: 14:56:47) Best Rewards: 501.0 / 501.0; Min Reward: 11.0
