(2026-02-13: 12:36:16) Best model parameters: W = [[0.24587102]
 [0.26116643]
 [0.24696347]
 [0.24599907]]; lr=0.9476923076923076; discount_factor=0.95
(2026-02-13: 12:36:16) Best Rewards: 501.0 / 501.0; Min Reward: 13.0
(2026-02-13: 12:36:16) Best model parameters: W = [[0.24629207]
 [0.25756281]
 [0.24851163]
 [0.24763349]]; lr=0.9476923076923076; discount_factor=0.95
(2026-02-13: 12:36:16) Best Rewards: 501.0 / 501.0; Min Reward: 13.0
(2026-02-13: 12:36:16) Best model parameters: W = [[0.24737861]
 [0.27380216]
 [0.25030494]
 [0.22851429]]; lr=0.9415384615384614; discount_factor=0.95
(2026-02-13: 12:36:16) Best Rewards: 501.0 / 501.0; Min Reward: 14.0
(2026-02-13: 12:36:17) Best model parameters: W = [[0.2475595 ]
 [0.27422027]
 [0.24965287]
 [0.22856736]]; lr=0.9507692307692307; discount_factor=0.95
(2026-02-13: 12:36:17) Best Rewards: 501.0 / 501.0; Min Reward: 12.0
(2026-02-13: 12:36:17) Best model parameters: W = [[0.2470701 ]
 [0.27272516]
 [0.25099813]
 [0.22920661]]; lr=0.9461538461538461; discount_factor=0.95
(2026-02-13: 12:36:17) Best Rewards: 501.0 / 501.0; Min Reward: 12.0
(2026-04-11: 18:16:19) Best model parameters: W = [[0.24786293]
 [0.28320746]
 [0.25060399]
 [0.21832562]]; lr=0.9446153846153845; discount_factor=0.95
(2026-04-11: 18:16:19) Best Rewards: 501.0 / 501.0; Min Reward: 11.0
(2026-04-11: 18:16:22) Best model parameters: W = [[0.24739641]
 [0.28470579]
 [0.2504455 ]
 [0.2174523 ]]; lr=0.9415384615384614; discount_factor=0.95
(2026-04-11: 18:16:22) Best Rewards: 501.0 / 501.0; Min Reward: 11.0
(2026-04-11: 18:16:24) Best model parameters: W = [[0.03537996]
 [0.03756125]
 [0.04220638]
 [0.88485241]]; lr=0.9584615384615385; discount_factor=0.95
(2026-04-11: 18:16:24) Best Rewards: 501.0 / 501.0; Min Reward: 11.0
(2026-04-11: 18:16:27) Best model parameters: W = [[0.01081244]
 [0.05438257]
 [0.06470033]
 [0.87010466]]; lr=0.9523076923076923; discount_factor=0.95
(2026-04-11: 18:16:27) Best Rewards: 501.0 / 501.0; Min Reward: 38.0
(2026-04-11: 18:16:30) Best model parameters: W = [[0.24700683]
 [0.27259119]
 [0.25072377]
 [0.22967821]]; lr=0.9415384615384614; discount_factor=0.95
(2026-04-11: 18:16:30) Best Rewards: 501.0 / 501.0; Min Reward: 38.0
(2026-04-12: 14:26:07) Best model parameters: W = [[6.85174233e-054]
 [1.00000000e+000]
 [3.58561967e-149]
 [4.44341455e-125]]; lr=0.9553846153846154; discount_factor=0.95
(2026-04-12: 14:26:07) Best Rewards: 117.0 / 70.0; Min Reward: 14.0
(2026-04-12: 14:26:09) Best model parameters: W = [[0.00000000e+000]
 [1.00000000e+000]
 [1.51554775e-106]
 [3.96009592e-229]]; lr=0.9538461538461538; discount_factor=0.95
(2026-04-12: 14:26:09) Best Rewards: 23.0 / 23.0; Min Reward: 9.0
(2026-04-12: 14:26:11) Best model parameters: W = [[0.00000000e+000]
 [1.00000000e+000]
 [1.35670900e-110]
 [3.56454088e-235]]; lr=0.9461538461538461; discount_factor=0.95
(2026-04-12: 14:26:11) Best Rewards: 23.0 / 23.0; Min Reward: 9.0
(2026-04-12: 14:26:13) Best model parameters: W = [[0.00000000e+000]
 [1.00000000e+000]
 [6.93570259e-108]
 [9.14104738e-231]]; lr=0.943076923076923; discount_factor=0.95
(2026-04-12: 14:26:13) Best Rewards: 23.0 / 23.0; Min Reward: 9.0
(2026-04-12: 14:26:14) Best model parameters: W = [[0.00000000e+000]
 [1.00000000e+000]
 [1.57973431e-107]
 [2.72850200e-232]]; lr=0.9569230769230769; discount_factor=0.95
(2026-04-12: 14:26:14) Best Rewards: 23.0 / 23.0; Min Reward: 9.0
(2026-04-12: 14:49:56) Best model parameters: W = [[9.41422889e-01]
 [5.85644812e-02]
 [1.26302725e-05]
 [9.25119256e-40]]; lr=0.9492307692307692; discount_factor=0.95
(2026-04-12: 14:49:56) Best Rewards: 69.0 / 63.0; Min Reward: 9.0
(2026-04-12: 14:49:57) Best model parameters: W = [[9.18123211e-05]
 [1.90997541e-10]
 [3.88198766e-01]
 [6.11709421e-01]]; lr=0.9584615384615385; discount_factor=0.95
(2026-04-12: 14:49:57) Best Rewards: 37.0 / 20.0; Min Reward: 9.0
(2026-04-12: 14:49:59) Best model parameters: W = [[0.1094629 ]
 [0.2165445 ]
 [0.17942556]
 [0.49456703]]; lr=0.9507692307692307; discount_factor=0.95
(2026-04-12: 14:49:59) Best Rewards: 501.0 / 501.0; Min Reward: 25.0
(2026-04-12: 14:50:01) Best model parameters: W = [[0.0382566 ]
 [0.0663429 ]
 [0.06245983]
 [0.83294067]]; lr=0.94; discount_factor=0.95
(2026-04-12: 14:50:01) Best Rewards: 501.0 / 501.0; Min Reward: 23.0
(2026-04-12: 14:50:04) Best model parameters: W = [[0.2466615 ]
 [0.26048357]
 [0.24793196]
 [0.24492297]]; lr=0.9415384615384614; discount_factor=0.95
(2026-04-12: 14:50:04) Best Rewards: 501.0 / 501.0; Min Reward: 37.0
(2026-04-12: 14:51:33) Best model parameters: W = [[4.34279871e-03]
 [9.94704671e-01]
 [9.52530268e-04]
 [2.04771950e-22]]; lr=0.9476923076923076; discount_factor=0.95
(2026-04-12: 14:51:33) Best Rewards: 501.0 / 501.0; Min Reward: 12.0
(2026-04-12: 14:51:35) Best model parameters: W = [[9.67970693e-01]
 [3.20249587e-02]
 [4.34805094e-06]
 [7.52583436e-40]]; lr=0.94; discount_factor=0.95
(2026-04-12: 14:51:35) Best Rewards: 59.0 / 58.0; Min Reward: 9.0
(2026-04-12: 14:51:36) Best model parameters: W = [[6.83375285e-05]
 [1.59857471e-07]
 [2.13303593e-03]
 [9.97798467e-01]]; lr=0.94; discount_factor=0.95
(2026-04-12: 14:51:36) Best Rewards: 39.0 / 39.0; Min Reward: 9.0
(2026-04-12: 14:51:38) Best model parameters: W = [[0.03213765]
 [0.04721346]
 [0.05518778]
 [0.86546111]]; lr=0.9415384615384614; discount_factor=0.95
(2026-04-12: 14:51:38) Best Rewards: 501.0 / 501.0; Min Reward: 38.0
(2026-04-12: 14:51:40) Best model parameters: W = [[0.11276681]
 [0.22288535]
 [0.16781467]
 [0.49653316]]; lr=0.9415384615384614; discount_factor=0.95
(2026-04-12: 14:51:40) Best Rewards: 501.0 / 501.0; Min Reward: 36.0
(2026-04-12: 14:54:17) Best model parameters: W = [[1.66782387e-04]
 [2.40180999e-02]
 [4.98072512e-02]
 [9.26007866e-01]]; lr=0.9446153846153845; discount_factor=0.95
(2026-04-12: 14:54:17) Best Rewards: 501.0 / 501.0; Min Reward: 11.0
(2026-04-12: 14:54:19) Best model parameters: W = [[0.07177001]
 [0.16735609]
 [0.13891538]
 [0.62195852]]; lr=0.9446153846153845; discount_factor=0.95
(2026-04-12: 14:54:19) Best Rewards: 501.0 / 501.0; Min Reward: 36.0
(2026-04-12: 14:54:21) Best model parameters: W = [[0.05755425]
 [0.09799548]
 [0.08863128]
 [0.75581899]]; lr=0.9415384615384614; discount_factor=0.95
(2026-04-12: 14:54:21) Best Rewards: 501.0 / 501.0; Min Reward: 33.0
(2026-04-12: 14:54:24) Best model parameters: W = [[0.24533884]
 [0.25438044]
 [0.2486893 ]
 [0.25159142]]; lr=0.9523076923076923; discount_factor=0.95
(2026-04-12: 14:54:24) Best Rewards: 501.0 / 501.0; Min Reward: 36.0
(2026-04-12: 14:54:26) Best model parameters: W = [[0.24812525]
 [0.28576727]
 [0.25022621]
 [0.21588127]]; lr=0.94; discount_factor=0.95
(2026-04-12: 14:54:26) Best Rewards: 501.0 / 501.0; Min Reward: 13.0
