(2026-02-13: 12:36:22) Best model parameters: W = [[0.24706932]
 [0.2820804 ]
 [0.25002252]
 [0.22082776]]; lr=0.943076923076923; discount_factor=0.95
(2026-02-13: 12:36:22) Best Rewards: 501.0 / 501.0; Min Reward: 36.0
(2026-02-13: 12:36:23) Best model parameters: W = [[0.01978116]
 [0.06955104]
 [0.07963075]
 [0.83103705]]; lr=0.943076923076923; discount_factor=0.95
(2026-02-13: 12:36:23) Best Rewards: 501.0 / 501.0; Min Reward: 11.0
(2026-02-13: 12:36:23) Best model parameters: W = [[0.2463405 ]
 [0.26212523]
 [0.2478325 ]
 [0.24370177]]; lr=0.9415384615384614; discount_factor=0.95
(2026-02-13: 12:36:23) Best Rewards: 501.0 / 501.0; Min Reward: 38.0
(2026-02-13: 12:36:24) Best model parameters: W = [[0.24754609]
 [0.28177176]
 [0.25121775]
 [0.21946439]]; lr=0.94; discount_factor=0.95
(2026-02-13: 12:36:24) Best Rewards: 501.0 / 501.0; Min Reward: 13.0
(2026-02-13: 12:36:24) Best model parameters: W = [[0.00529199]
 [0.02319042]
 [0.04496056]
 [0.92655704]]; lr=0.9446153846153845; discount_factor=0.95
(2026-02-13: 12:36:24) Best Rewards: 501.0 / 501.0; Min Reward: 11.0
(2026-04-11: 18:16:50) Best model parameters: W = [[0.24779849]
 [0.2801298 ]
 [0.2519664 ]
 [0.2201053 ]]; lr=0.9415384615384614; discount_factor=0.95
(2026-04-11: 18:16:50) Best Rewards: 501.0 / 501.0; Min Reward: 38.0
(2026-04-11: 18:16:53) Best model parameters: W = [[0.04828375]
 [0.09286855]
 [0.0803712 ]
 [0.7784765 ]]; lr=0.9415384615384614; discount_factor=0.95
(2026-04-11: 18:16:53) Best Rewards: 501.0 / 501.0; Min Reward: 11.0
(2026-04-11: 18:16:56) Best model parameters: W = [[0.2471722 ]
 [0.28324541]
 [0.25072177]
 [0.21886062]]; lr=0.96; discount_factor=0.95
(2026-04-11: 18:16:56) Best Rewards: 501.0 / 501.0; Min Reward: 38.0
(2026-04-11: 18:17:00) Best model parameters: W = [[0.00186444]
 [0.03565038]
 [0.05233198]
 [0.9101532 ]]; lr=0.9446153846153845; discount_factor=0.95
(2026-04-11: 18:17:00) Best Rewards: 501.0 / 501.0; Min Reward: 11.0
(2026-04-11: 18:17:04) Best model parameters: W = [[0.2474974 ]
 [0.2827484 ]
 [0.25026765]
 [0.21948654]]; lr=0.943076923076923; discount_factor=0.95
(2026-04-11: 18:17:04) Best Rewards: 501.0 / 501.0; Min Reward: 34.0
(2026-04-12: 14:26:25) Best model parameters: W = [[1.00000000e+000]
 [1.11735679e-191]
 [2.07406735e-015]
 [1.16463986e-136]]; lr=0.9446153846153845; discount_factor=0.95
(2026-04-12: 14:26:25) Best Rewards: 156.0 / 75.0; Min Reward: 14.0
(2026-04-12: 14:26:27) Best model parameters: W = [[0.00000000e+000]
 [1.00000000e+000]
 [3.74880501e-130]
 [5.57417380e-272]]; lr=0.9553846153846154; discount_factor=0.95
(2026-04-12: 14:26:27) Best Rewards: 32.0 / 30.0; Min Reward: 9.0
(2026-04-12: 14:26:29) Best model parameters: W = [[0.00000000e+000]
 [1.00000000e+000]
 [4.76808275e-109]
 [6.05793743e-235]]; lr=0.9538461538461538; discount_factor=0.95
(2026-04-12: 14:26:29) Best Rewards: 23.0 / 23.0; Min Reward: 9.0
(2026-04-12: 14:50:24) Best model parameters: W = [[0.2487976 ]
 [0.27850153]
 [0.25126955]
 [0.22143132]]; lr=0.94; discount_factor=0.95
(2026-04-12: 14:50:24) Best Rewards: 501.0 / 501.0; Min Reward: 12.0
(2026-04-12: 14:50:27) Best model parameters: W = [[0.24610106]
 [0.25199251]
 [0.24705157]
 [0.25485487]]; lr=0.9446153846153845; discount_factor=0.95
(2026-04-12: 14:50:27) Best Rewards: 501.0 / 501.0; Min Reward: 11.0
(2026-04-12: 14:50:30) Best model parameters: W = [[2.76634045e-04]
 [2.62221786e-02]
 [5.18341499e-02]
 [9.21667037e-01]]; lr=0.943076923076923; discount_factor=0.95
(2026-04-12: 14:50:30) Best Rewards: 501.0 / 501.0; Min Reward: 14.0
(2026-04-12: 14:50:34) Best model parameters: W = [[0.24717847]
 [0.28298209]
 [0.2499068 ]
 [0.21993264]]; lr=0.9446153846153845; discount_factor=0.95
(2026-04-12: 14:50:34) Best Rewards: 501.0 / 501.0; Min Reward: 38.0
(2026-04-12: 14:50:37) Best model parameters: W = [[0.24676373]
 [0.26935964]
 [0.25249142]
 [0.23138521]]; lr=0.9446153846153845; discount_factor=0.95
(2026-04-12: 14:50:37) Best Rewards: 501.0 / 501.0; Min Reward: 11.0
(2026-04-12: 14:55:10) Best model parameters: W = [[0.24829538]
 [0.28495396]
 [0.25050404]
 [0.21624661]]; lr=0.9507692307692307; discount_factor=0.95
(2026-04-12: 14:55:10) Best Rewards: 501.0 / 501.0; Min Reward: 11.0
(2026-04-12: 14:55:13) Best model parameters: W = [[0.24663517]
 [0.2560668 ]
 [0.24713178]
 [0.25016625]]; lr=0.96; discount_factor=0.95
(2026-04-12: 14:55:13) Best Rewards: 501.0 / 501.0; Min Reward: 11.0
(2026-04-12: 14:55:16) Best model parameters: W = [[0.24798972]
 [0.27542174]
 [0.25113371]
 [0.22545483]]; lr=0.9584615384615385; discount_factor=0.95
(2026-04-12: 14:55:16) Best Rewards: 501.0 / 501.0; Min Reward: 13.0
(2026-04-12: 14:55:20) Best model parameters: W = [[2.32270235e-05]
 [1.47480532e-02]
 [4.55967012e-02]
 [9.39632019e-01]]; lr=0.9461538461538461; discount_factor=0.95
(2026-04-12: 14:55:20) Best Rewards: 501.0 / 501.0; Min Reward: 11.0
(2026-04-12: 14:55:24) Best model parameters: W = [[0.01986617]
 [0.03524308]
 [0.04182771]
 [0.90306304]]; lr=0.9461538461538461; discount_factor=0.95
(2026-04-12: 14:55:24) Best Rewards: 501.0 / 501.0; Min Reward: 38.0
