(2026-02-13: 12:36:35) Best model parameters: W = [[9.50260184e-01]
 [4.97296622e-02]
 [1.01536155e-05]
 [1.48823089e-39]]; lr=0.9461538461538461; discount_factor=0.95
(2026-02-13: 12:36:35) Best Rewards: 63.0 / 63.0; Min Reward: 9.0
(2026-02-13: 12:36:35) Best model parameters: W = [[8.32240208e-05]
 [9.99915512e-01]
 [1.26444113e-06]
 [7.39268542e-13]]; lr=0.9569230769230769; discount_factor=0.95
(2026-02-13: 12:36:35) Best Rewards: 35.0 / 32.0; Min Reward: 9.0
(2026-02-13: 12:36:35) Best model parameters: W = [[9.59137641e-01]
 [4.08595646e-02]
 [2.79441790e-06]
 [5.24334012e-42]]; lr=0.9415384615384614; discount_factor=0.95
(2026-02-13: 12:36:35) Best Rewards: 67.0 / 59.0; Min Reward: 9.0
(2026-02-13: 12:36:35) Best model parameters: W = [[1.23677577e-04]
 [9.99873435e-01]
 [2.88782755e-06]
 [1.38173737e-71]]; lr=0.9507692307692307; discount_factor=0.95
(2026-02-13: 12:36:35) Best Rewards: 87.0 / 34.0; Min Reward: 9.0
(2026-02-13: 12:36:36) Best model parameters: W = [[8.50308589e-01]
 [1.49661613e-01]
 [2.97984045e-05]
 [1.02732134e-38]]; lr=0.94; discount_factor=0.95
(2026-02-13: 12:36:36) Best Rewards: 61.0 / 61.0; Min Reward: 9.0
(2026-04-12: 14:57:03) Best model parameters: W = [[0.24510548]
 [0.25618265]
 [0.24788508]
 [0.25082679]]; lr=0.9569230769230769; discount_factor=0.95
(2026-04-12: 14:57:03) Best Rewards: 501.0 / 501.0; Min Reward: 11.0
(2026-04-12: 14:57:05) Best model parameters: W = [[0.24733762]
 [0.28322135]
 [0.24951307]
 [0.21992796]]; lr=0.94; discount_factor=0.95
(2026-04-12: 14:57:05) Best Rewards: 501.0 / 501.0; Min Reward: 14.0
(2026-04-12: 14:57:08) Best model parameters: W = [[0.03116221]
 [0.04989621]
 [0.05046561]
 [0.86847597]]; lr=0.9569230769230769; discount_factor=0.95
(2026-04-12: 14:57:08) Best Rewards: 501.0 / 501.0; Min Reward: 11.0
(2026-04-12: 14:57:11) Best model parameters: W = [[0.24502618]
 [0.24673341]
 [0.24770729]
 [0.26053311]]; lr=0.94; discount_factor=0.95
(2026-04-12: 14:57:11) Best Rewards: 501.0 / 501.0; Min Reward: 36.0
(2026-04-12: 14:57:13) Best model parameters: W = [[0.24746796]
 [0.27221605]
 [0.25129343]
 [0.22902256]]; lr=0.9569230769230769; discount_factor=0.95
(2026-04-12: 14:57:13) Best Rewards: 501.0 / 501.0; Min Reward: 14.0
